============================= test session starts ==============================
platform darwin -- Python 3.11.15, pytest-8.3.3, pluggy-1.6.0
rootdir: /Users/yashgupta/Documents/Projects/kush-medical-system/backend
configfile: pytest.ini
testpaths: tests
plugins: cov-5.0.0, anyio-4.14.2
collected 317 items

tests/test_analytics_service.py .........                                [  2%]
tests/test_anomaly_explainer_service.py .....                            [  4%]
tests/test_anomaly_service.py ............                               [  8%]
tests/test_api_auth.py .............                                     [ 12%]
tests/test_api_bills.py ..                                               [ 12%]
tests/test_api_medicines.py .......                                      [ 15%]
tests/test_api_stock.py .........                                        [ 17%]
tests/test_audit_integration.py ....                                     [ 19%]
tests/test_audit_service.py ............                                 [ 23%]
tests/test_auth_service.py ........                                      [ 25%]
tests/test_cold_chain_service.py .......                                 [ 27%]
tests/test_composition_service.py ..................                     [ 33%]
tests/test_copilot_service.py ...................                        [ 39%]
tests/test_cost_calculator.py .....                                      [ 41%]
tests/test_customer_service.py ...F.............                         [ 46%]
tests/test_duplicate_service.py ......                                   [ 48%]
tests/test_event_bus.py ..                                               [ 48%]
tests/test_expiry_parser.py ..................                           [ 54%]
tests/test_expiry_service.py ........                                    [ 57%]
tests/test_forecast_service.py .....                                     [ 58%]
tests/test_graph_service.py ...................                          [ 64%]
tests/test_gst_report_service.py .....                                   [ 66%]
tests/test_health_and_pipeline.py ...                                    [ 67%]
tests/test_matcher.py ..................                                 [ 72%]
tests/test_network_service.py .................                          [ 78%]
tests/test_notification_integration.py .........                         [ 81%]
tests/test_notification_service.py ...........                           [ 84%]
tests/test_pillar6_integration.py ...                                    [ 85%]
tests/test_pos_pillar5_integration.py ...                                [ 86%]
tests/test_pos_service.py .........                                      [ 89%]
tests/test_reorder_intelligence.py ......                                [ 91%]
tests/test_stock_service.py ........                                     [ 93%]
tests/test_surveillance_service.py .....                                 [ 95%]
tests/test_symptom_bot_service.py .......                                [ 97%]
tests/test_trust_score_integration.py ..                                 [ 98%]
tests/test_trust_score_service.py ......                                 [100%]

=================================== FAILURES ===================================
________________ TestProfiles.test_search_matches_phone_or_name ________________

self = <test_customer_service.TestProfiles object at 0x12a74e050>
db_session = <sqlalchemy.orm.session.Session object at 0x13473a1d0>
tenant = <app.models.Tenant object at 0x13459d650>

    def test_search_matches_phone_or_name(self, db_session, tenant):
        customer_service.get_or_create_customer(db_session, tenant_id=tenant.id, phone="9111122223", name="Sharma Ji")
        db_session.commit()
        assert len(customer_service.search_customers(db_session, tenant_id=tenant.id, q="Sharma")) == 1
        assert len(customer_service.search_customers(db_session, tenant_id=tenant.id, q="91111")) == 1
>       assert len(customer_service.search_customers(db_session, q="nomatch")) == 0
E       TypeError: search_customers() missing 1 required positional argument: 'tenant_id'

tests/test_customer_service.py:55: TypeError
=========================== short test summary info ============================
FAILED tests/test_customer_service.py::TestProfiles::test_search_matches_phone_or_name
======================== 1 failed, 316 passed in 21.03s ========================
